
> hello@0.0.0 build
> tsc -b && vite build

src/App.tsx(14,51): error TS2503: Cannot find namespace 'JSX'.
src/pages/Calculator.tsx(3,46): error TS6133: 'Clock' is declared but its value is never read.
src/pages/Calculator.tsx(145,24): error TS2304: Cannot find name 'CloudRain'.
vite.config.ts(3,25): error TS2307: Cannot find module '@tailwindcss/vite' or its corresponding type declarations.
